access_bundle.admin
access_bundle.company_module
access_bundle.manager
access_bundle.member
access_bundle.system
access_segment.admin
access_segment.bundle
access_segment.company_module
access_segment.editor
access_segment.owner
access_segment.system
access_segment.viewer
company.admin
company.member
company.system
company.viewer
company_module.admin
company_module.approver
company_module.company
company_module.editor
company_module.member
company_module.submitter
company_module.system
company_module.viewer
document.admin
document.editor
document.member
document.owner
document.project
document.shared_viewer
document.submission
document.system
document.timesheet_entry
document.viewer
group.company
group.member
member.admin
member.company_module
member.directory
member.editor
member.mapped_user
member.owner
member.system
member.viewer
member_directory.admin
member_directory.company_module
member_directory.create
member_directory.editor
member_directory.export
member_directory.import
member_directory.owner
member_directory.system
member_directory.viewer
module.admin
module.editor
module.system
module_role_binding.admin
module_role_binding.company_module
module_role_binding.member
module_role_binding.system
position.company
position.holder
project.admin
project.can_assign
project.company_module
project.directory
project.editor
project.owner
project.system
project.viewer
project_directory.admin
project_directory.company_module
project_directory.create
project_directory.editor
project_directory.export
project_directory.import
project_directory.owner
project_directory.system
project_directory.viewer
submission.admin
submission.company_module
submission.member
submission.owner
submission.system
submission.viewer
system.superadmin
timesheet_entry.admin
timesheet_entry.can_edit
timesheet_entry.company_module
timesheet_entry.editor
timesheet_entry.member
timesheet_entry.owner
timesheet_entry.project
timesheet_entry.system
timesheet_entry.viewer
